

================================================================
== Vivado HLS Report for 'backward_fcc'
================================================================
* Date:           Mon Nov  8 20:16:16 2021

* Version:        2019.2 (Build 2704478 on Wed Nov 06 22:10:23 MST 2019)
* Project:        backprop
* Solution:       solution1
* Product family: zynq
* Target device:  xc7z020-clg484-1


================================================================
== Performance Estimates
================================================================
+ Timing: 
    * Summary: 
    +--------+----------+----------+------------+
    |  Clock |  Target  | Estimated| Uncertainty|
    +--------+----------+----------+------------+
    |ap_clk  | 10.00 ns | 8.750 ns |   1.25 ns  |
    +--------+----------+----------+------------+

+ Latency: 
    * Summary: 
    +---------+---------+----------+----------+-----+-----+---------+
    |  Latency (cycles) |  Latency (absolute) |  Interval | Pipeline|
    |   min   |   max   |    min   |    max   | min | max |   Type  |
    +---------+---------+----------+----------+-----+-----+---------+
    |        ?|        ?|         ?|         ?|    ?|    ?|   none  |
    +---------+---------+----------+----------+-----+-----+---------+

    + Detail: 
        * Instance: 
        N/A

        * Loop: 
        +-------------+---------+---------+----------+-----------+-----------+------+----------+
        |             |  Latency (cycles) | Iteration|  Initiation Interval  | Trip |          |
        |  Loop Name  |   min   |   max   |  Latency |  achieved |   target  | Count| Pipelined|
        +-------------+---------+---------+----------+-----------+-----------+------+----------+
        |- Loop 1     |        ?|        ?|         ?|          -|          -|     ?|    no    |
        | + Loop 1.1  |        ?|        ?|        19|          -|          -|     ?|    no    |
        |- Loop 2     |        ?|        ?|         ?|          -|          -|     ?|    no    |
        | + Loop 2.1  |        ?|        ?|        13|          -|          -|     ?|    no    |
        |- Loop 3     |        ?|        ?|         2|          -|          -|     ?|    no    |
        +-------------+---------+---------+----------+-----------+-----------+------+----------+



================================================================
== Utilization Estimates
================================================================
* Summary: 
+-----------------+---------+-------+--------+-------+-----+
|       Name      | BRAM_18K| DSP48E|   FF   |  LUT  | URAM|
+-----------------+---------+-------+--------+-------+-----+
|DSP              |        -|      -|       -|      -|    -|
|Expression       |        -|      -|       0|    409|    -|
|FIFO             |        -|      -|       -|      -|    -|
|Instance         |       12|      3|    3321|   3969|    -|
|Memory           |        -|      -|       -|      -|    -|
|Multiplexer      |        -|      -|       -|    531|    -|
|Register         |        -|      -|     850|      -|    -|
+-----------------+---------+-------+--------+-------+-----+
|Total            |       12|      3|    4171|   4909|    0|
+-----------------+---------+-------+--------+-------+-----+
|Available        |      280|    220|  106400|  53200|    0|
+-----------------+---------+-------+--------+-------+-----+
|Utilization (%)  |        4|      1|       3|      9|    0|
+-----------------+---------+-------+--------+-------+-----+

+ Detail: 
    * Instance: 
    +-------------------------------+-----------------------------+---------+-------+-----+-----+-----+
    |            Instance           |            Module           | BRAM_18K| DSP48E|  FF | LUT | URAM|
    +-------------------------------+-----------------------------+---------+-------+-----+-----+-----+
    |backward_fcc_AXILiteS_s_axi_U  |backward_fcc_AXILiteS_s_axi  |        0|      0|  106|  168|    0|
    |backward_fcc_db_m_axi_U        |backward_fcc_db_m_axi        |        2|      0|  512|  580|    0|
    |backward_fcc_dw_m_axi_U        |backward_fcc_dw_m_axi        |        2|      0|  512|  580|    0|
    |backward_fcc_dx_m_axi_U        |backward_fcc_dx_m_axi        |        2|      0|  512|  580|    0|
    |backward_fcc_dy_m_axi_U        |backward_fcc_dy_m_axi        |        2|      0|  512|  580|    0|
    |backward_fcc_fmulbkb_U1        |backward_fcc_fmulbkb         |        0|      3|  143|  321|    0|
    |backward_fcc_w_m_axi_U         |backward_fcc_w_m_axi         |        2|      0|  512|  580|    0|
    |backward_fcc_x_m_axi_U         |backward_fcc_x_m_axi         |        2|      0|  512|  580|    0|
    +-------------------------------+-----------------------------+---------+-------+-----+-----+-----+
    |Total                          |                             |       12|      3| 3321| 3969|    0|
    +-------------------------------+-----------------------------+---------+-------+-----+-----+-----+

    * DSP48E: 
    N/A

    * Memory: 
    N/A

    * FIFO: 
    N/A

    * Expression: 
    +----------------------+----------+-------+---+----+------------+------------+
    |     Variable Name    | Operation| DSP48E| FF| LUT| Bitwidth P0| Bitwidth P1|
    +----------------------+----------+-------+---+----+------------+------------+
    |add_ln17_1_fu_304_p2  |     +    |      0|  0|  39|          32|          32|
    |add_ln17_fu_309_p2    |     +    |      0|  0|  39|          32|          32|
    |add_ln22_fu_324_p2    |     +    |      0|  0|  39|          32|          32|
    |i_1_fu_338_p2         |     +    |      0|  0|  38|          31|           1|
    |i_2_fu_389_p2         |     +    |      0|  0|  38|          31|           1|
    |i_fu_273_p2           |     +    |      0|  0|  38|          31|           1|
    |j_1_fu_374_p2         |     +    |      0|  0|  38|          31|           1|
    |j_fu_298_p2           |     +    |      0|  0|  38|          31|           1|
    |ap_block_state2_io    |    and   |      0|  0|   2|           1|           1|
    |ap_block_state35_io   |    and   |      0|  0|   2|           1|           1|
    |ap_block_state58      |    and   |      0|  0|   2|           1|           1|
    |icmp_ln15_fu_268_p2   |   icmp   |      0|  0|  18|          32|          32|
    |icmp_ln16_fu_293_p2   |   icmp   |      0|  0|  18|          32|          32|
    |icmp_ln22_fu_333_p2   |   icmp   |      0|  0|  18|          32|          32|
    |icmp_ln23_fu_369_p2   |   icmp   |      0|  0|  18|          32|          32|
    |icmp_ln29_fu_384_p2   |   icmp   |      0|  0|  18|          32|          32|
    |ap_block_state17      |    or    |      0|  0|   2|           1|           1|
    |ap_block_state28_io   |    or    |      0|  0|   2|           1|           1|
    |ap_block_state42      |    or    |      0|  0|   2|           1|           1|
    +----------------------+----------+-------+---+----+------------+------------+
    |Total                 |          |      0|  0| 409|         417|         267|
    +----------------------+----------+-------+---+----+------------+------------+

    * Multiplexer: 
    +------------------+-----+-----------+-----+-----------+
    |       Name       | LUT | Input Size| Bits| Total Bits|
    +------------------+-----+-----------+-----+-----------+
    |ap_NS_fsm         |  273|         64|    1|         64|
    |db_blk_n_AW       |    9|          2|    1|          2|
    |db_blk_n_B        |    9|          2|    1|          2|
    |db_blk_n_W        |    9|          2|    1|          2|
    |dw_blk_n_AW       |    9|          2|    1|          2|
    |dw_blk_n_B        |    9|          2|    1|          2|
    |dw_blk_n_W        |    9|          2|    1|          2|
    |dx_blk_n_AW       |    9|          2|    1|          2|
    |dx_blk_n_B        |    9|          2|    1|          2|
    |dx_blk_n_W        |    9|          2|    1|          2|
    |dy_ARADDR         |   15|          3|   32|         96|
    |dy_ARLEN          |   15|          3|   32|         96|
    |dy_blk_n_AR       |    9|          2|    1|          2|
    |dy_blk_n_R        |    9|          2|    1|          2|
    |grp_fu_248_p0     |   15|          3|   32|         96|
    |grp_fu_248_p1     |   15|          3|   32|         96|
    |i1_0_reg_202      |    9|          2|   31|         62|
    |i3_0_reg_237      |    9|          2|   31|         62|
    |i_0_reg_168       |    9|          2|   31|         62|
    |j2_0_reg_226      |    9|          2|   31|         62|
    |j_0_reg_180       |    9|          2|   31|         62|
    |phi_mul1_reg_214  |    9|          2|   32|         64|
    |phi_mul_reg_191   |    9|          2|   32|         64|
    |w_blk_n_AR        |    9|          2|    1|          2|
    |w_blk_n_R         |    9|          2|    1|          2|
    |x_blk_n_AR        |    9|          2|    1|          2|
    |x_blk_n_R         |    9|          2|    1|          2|
    +------------------+-----+-----------+-----+-----------+
    |Total             |  531|        120|  363|        916|
    +------------------+-----+-----------+-----+-----------+

    * Register: 
    +----------------------+----+----+-----+-----------+
    |         Name         | FF | LUT| Bits| Const Bits|
    +----------------------+----+----+-----+-----------+
    |add_ln17_1_reg_441    |  32|   0|   32|          0|
    |add_ln17_reg_446      |  32|   0|   32|          0|
    |add_ln22_reg_462      |  32|   0|   32|          0|
    |ap_CS_fsm             |  63|   0|   63|          0|
    |dx_addr_reg_427       |  31|   0|   32|          1|
    |dy_addr_read_reg_495  |  32|   0|   32|          0|
    |dy_addr_reg_475       |  31|   0|   32|          1|
    |i1_0_reg_202          |  31|   0|   31|          0|
    |i3_0_reg_237          |  31|   0|   31|          0|
    |i_0_reg_168           |  31|   0|   31|          0|
    |i_1_reg_470           |  31|   0|   31|          0|
    |i_2_reg_508           |  31|   0|   31|          0|
    |i_reg_422             |  31|   0|   31|          0|
    |j2_0_reg_226          |  31|   0|   31|          0|
    |j_0_reg_180           |  31|   0|   31|          0|
    |j_1_reg_490           |  31|   0|   31|          0|
    |j_reg_436             |  31|   0|   31|          0|
    |phi_mul1_reg_214      |  32|   0|   32|          0|
    |phi_mul_reg_191       |  32|   0|   32|          0|
    |reg_252               |  32|   0|   32|          0|
    |reg_258               |  32|   0|   32|          0|
    |w_addr_read_reg_457   |  32|   0|   32|          0|
    |x_read_reg_500        |  32|   0|   32|          0|
    |xdim_read_reg_404     |  32|   0|   32|          0|
    |ydim_read_reg_395     |  32|   0|   32|          0|
    |zext_ln15_reg_414     |  31|   0|   32|          1|
    +----------------------+----+----+-----+-----------+
    |Total                 | 850|   0|  853|          3|
    +----------------------+----+----+-----+-----------+



================================================================
== Interface
================================================================
* Summary: 
+------------------------+-----+-----+------------+--------------+--------------+
|        RTL Ports       | Dir | Bits|  Protocol  | Source Object|    C Type    |
+------------------------+-----+-----+------------+--------------+--------------+
|s_axi_AXILiteS_AWVALID  |  in |    1|    s_axi   |   AXILiteS   |    scalar    |
|s_axi_AXILiteS_AWREADY  | out |    1|    s_axi   |   AXILiteS   |    scalar    |
|s_axi_AXILiteS_AWADDR   |  in |    5|    s_axi   |   AXILiteS   |    scalar    |
|s_axi_AXILiteS_WVALID   |  in |    1|    s_axi   |   AXILiteS   |    scalar    |
|s_axi_AXILiteS_WREADY   | out |    1|    s_axi   |   AXILiteS   |    scalar    |
|s_axi_AXILiteS_WDATA    |  in |   32|    s_axi   |   AXILiteS   |    scalar    |
|s_axi_AXILiteS_WSTRB    |  in |    4|    s_axi   |   AXILiteS   |    scalar    |
|s_axi_AXILiteS_ARVALID  |  in |    1|    s_axi   |   AXILiteS   |    scalar    |
|s_axi_AXILiteS_ARREADY  | out |    1|    s_axi   |   AXILiteS   |    scalar    |
|s_axi_AXILiteS_ARADDR   |  in |    5|    s_axi   |   AXILiteS   |    scalar    |
|s_axi_AXILiteS_RVALID   | out |    1|    s_axi   |   AXILiteS   |    scalar    |
|s_axi_AXILiteS_RREADY   |  in |    1|    s_axi   |   AXILiteS   |    scalar    |
|s_axi_AXILiteS_RDATA    | out |   32|    s_axi   |   AXILiteS   |    scalar    |
|s_axi_AXILiteS_RRESP    | out |    2|    s_axi   |   AXILiteS   |    scalar    |
|s_axi_AXILiteS_BVALID   | out |    1|    s_axi   |   AXILiteS   |    scalar    |
|s_axi_AXILiteS_BREADY   |  in |    1|    s_axi   |   AXILiteS   |    scalar    |
|s_axi_AXILiteS_BRESP    | out |    2|    s_axi   |   AXILiteS   |    scalar    |
|ap_clk                  |  in |    1| ap_ctrl_hs | backward_fcc | return value |
|ap_rst_n                |  in |    1| ap_ctrl_hs | backward_fcc | return value |
|ap_start                |  in |    1| ap_ctrl_hs | backward_fcc | return value |
|ap_done                 | out |    1| ap_ctrl_hs | backward_fcc | return value |
|ap_idle                 | out |    1| ap_ctrl_hs | backward_fcc | return value |
|ap_ready                | out |    1| ap_ctrl_hs | backward_fcc | return value |
|m_axi_x_AWVALID         | out |    1|    m_axi   |       x      |    pointer   |
|m_axi_x_AWREADY         |  in |    1|    m_axi   |       x      |    pointer   |
|m_axi_x_AWADDR          | out |   32|    m_axi   |       x      |    pointer   |
|m_axi_x_AWID            | out |    1|    m_axi   |       x      |    pointer   |
|m_axi_x_AWLEN           | out |    8|    m_axi   |       x      |    pointer   |
|m_axi_x_AWSIZE          | out |    3|    m_axi   |       x      |    pointer   |
|m_axi_x_AWBURST         | out |    2|    m_axi   |       x      |    pointer   |
|m_axi_x_AWLOCK          | out |    2|    m_axi   |       x      |    pointer   |
|m_axi_x_AWCACHE         | out |    4|    m_axi   |       x      |    pointer   |
|m_axi_x_AWPROT          | out |    3|    m_axi   |       x      |    pointer   |
|m_axi_x_AWQOS           | out |    4|    m_axi   |       x      |    pointer   |
|m_axi_x_AWREGION        | out |    4|    m_axi   |       x      |    pointer   |
|m_axi_x_AWUSER          | out |    1|    m_axi   |       x      |    pointer   |
|m_axi_x_WVALID          | out |    1|    m_axi   |       x      |    pointer   |
|m_axi_x_WREADY          |  in |    1|    m_axi   |       x      |    pointer   |
|m_axi_x_WDATA           | out |   32|    m_axi   |       x      |    pointer   |
|m_axi_x_WSTRB           | out |    4|    m_axi   |       x      |    pointer   |
|m_axi_x_WLAST           | out |    1|    m_axi   |       x      |    pointer   |
|m_axi_x_WID             | out |    1|    m_axi   |       x      |    pointer   |
|m_axi_x_WUSER           | out |    1|    m_axi   |       x      |    pointer   |
|m_axi_x_ARVALID         | out |    1|    m_axi   |       x      |    pointer   |
|m_axi_x_ARREADY         |  in |    1|    m_axi   |       x      |    pointer   |
|m_axi_x_ARADDR          | out |   32|    m_axi   |       x      |    pointer   |
|m_axi_x_ARID            | out |    1|    m_axi   |       x      |    pointer   |
|m_axi_x_ARLEN           | out |    8|    m_axi   |       x      |    pointer   |
|m_axi_x_ARSIZE          | out |    3|    m_axi   |       x      |    pointer   |
|m_axi_x_ARBURST         | out |    2|    m_axi   |       x      |    pointer   |
|m_axi_x_ARLOCK          | out |    2|    m_axi   |       x      |    pointer   |
|m_axi_x_ARCACHE         | out |    4|    m_axi   |       x      |    pointer   |
|m_axi_x_ARPROT          | out |    3|    m_axi   |       x      |    pointer   |
|m_axi_x_ARQOS           | out |    4|    m_axi   |       x      |    pointer   |
|m_axi_x_ARREGION        | out |    4|    m_axi   |       x      |    pointer   |
|m_axi_x_ARUSER          | out |    1|    m_axi   |       x      |    pointer   |
|m_axi_x_RVALID          |  in |    1|    m_axi   |       x      |    pointer   |
|m_axi_x_RREADY          | out |    1|    m_axi   |       x      |    pointer   |
|m_axi_x_RDATA           |  in |   32|    m_axi   |       x      |    pointer   |
|m_axi_x_RLAST           |  in |    1|    m_axi   |       x      |    pointer   |
|m_axi_x_RID             |  in |    1|    m_axi   |       x      |    pointer   |
|m_axi_x_RUSER           |  in |    1|    m_axi   |       x      |    pointer   |
|m_axi_x_RRESP           |  in |    2|    m_axi   |       x      |    pointer   |
|m_axi_x_BVALID          |  in |    1|    m_axi   |       x      |    pointer   |
|m_axi_x_BREADY          | out |    1|    m_axi   |       x      |    pointer   |
|m_axi_x_BRESP           |  in |    2|    m_axi   |       x      |    pointer   |
|m_axi_x_BID             |  in |    1|    m_axi   |       x      |    pointer   |
|m_axi_x_BUSER           |  in |    1|    m_axi   |       x      |    pointer   |
|m_axi_w_AWVALID         | out |    1|    m_axi   |       w      |    pointer   |
|m_axi_w_AWREADY         |  in |    1|    m_axi   |       w      |    pointer   |
|m_axi_w_AWADDR          | out |   32|    m_axi   |       w      |    pointer   |
|m_axi_w_AWID            | out |    1|    m_axi   |       w      |    pointer   |
|m_axi_w_AWLEN           | out |    8|    m_axi   |       w      |    pointer   |
|m_axi_w_AWSIZE          | out |    3|    m_axi   |       w      |    pointer   |
|m_axi_w_AWBURST         | out |    2|    m_axi   |       w      |    pointer   |
|m_axi_w_AWLOCK          | out |    2|    m_axi   |       w      |    pointer   |
|m_axi_w_AWCACHE         | out |    4|    m_axi   |       w      |    pointer   |
|m_axi_w_AWPROT          | out |    3|    m_axi   |       w      |    pointer   |
|m_axi_w_AWQOS           | out |    4|    m_axi   |       w      |    pointer   |
|m_axi_w_AWREGION        | out |    4|    m_axi   |       w      |    pointer   |
|m_axi_w_AWUSER          | out |    1|    m_axi   |       w      |    pointer   |
|m_axi_w_WVALID          | out |    1|    m_axi   |       w      |    pointer   |
|m_axi_w_WREADY          |  in |    1|    m_axi   |       w      |    pointer   |
|m_axi_w_WDATA           | out |   32|    m_axi   |       w      |    pointer   |
|m_axi_w_WSTRB           | out |    4|    m_axi   |       w      |    pointer   |
|m_axi_w_WLAST           | out |    1|    m_axi   |       w      |    pointer   |
|m_axi_w_WID             | out |    1|    m_axi   |       w      |    pointer   |
|m_axi_w_WUSER           | out |    1|    m_axi   |       w      |    pointer   |
|m_axi_w_ARVALID         | out |    1|    m_axi   |       w      |    pointer   |
|m_axi_w_ARREADY         |  in |    1|    m_axi   |       w      |    pointer   |
|m_axi_w_ARADDR          | out |   32|    m_axi   |       w      |    pointer   |
|m_axi_w_ARID            | out |    1|    m_axi   |       w      |    pointer   |
|m_axi_w_ARLEN           | out |    8|    m_axi   |       w      |    pointer   |
|m_axi_w_ARSIZE          | out |    3|    m_axi   |       w      |    pointer   |
|m_axi_w_ARBURST         | out |    2|    m_axi   |       w      |    pointer   |
|m_axi_w_ARLOCK          | out |    2|    m_axi   |       w      |    pointer   |
|m_axi_w_ARCACHE         | out |    4|    m_axi   |       w      |    pointer   |
|m_axi_w_ARPROT          | out |    3|    m_axi   |       w      |    pointer   |
|m_axi_w_ARQOS           | out |    4|    m_axi   |       w      |    pointer   |
|m_axi_w_ARREGION        | out |    4|    m_axi   |       w      |    pointer   |
|m_axi_w_ARUSER          | out |    1|    m_axi   |       w      |    pointer   |
|m_axi_w_RVALID          |  in |    1|    m_axi   |       w      |    pointer   |
|m_axi_w_RREADY          | out |    1|    m_axi   |       w      |    pointer   |
|m_axi_w_RDATA           |  in |   32|    m_axi   |       w      |    pointer   |
|m_axi_w_RLAST           |  in |    1|    m_axi   |       w      |    pointer   |
|m_axi_w_RID             |  in |    1|    m_axi   |       w      |    pointer   |
|m_axi_w_RUSER           |  in |    1|    m_axi   |       w      |    pointer   |
|m_axi_w_RRESP           |  in |    2|    m_axi   |       w      |    pointer   |
|m_axi_w_BVALID          |  in |    1|    m_axi   |       w      |    pointer   |
|m_axi_w_BREADY          | out |    1|    m_axi   |       w      |    pointer   |
|m_axi_w_BRESP           |  in |    2|    m_axi   |       w      |    pointer   |
|m_axi_w_BID             |  in |    1|    m_axi   |       w      |    pointer   |
|m_axi_w_BUSER           |  in |    1|    m_axi   |       w      |    pointer   |
|m_axi_y_AWVALID         | out |    1|    m_axi   |       y      |    pointer   |
|m_axi_y_AWREADY         |  in |    1|    m_axi   |       y      |    pointer   |
|m_axi_y_AWADDR          | out |   32|    m_axi   |       y      |    pointer   |
|m_axi_y_AWID            | out |    1|    m_axi   |       y      |    pointer   |
|m_axi_y_AWLEN           | out |    8|    m_axi   |       y      |    pointer   |
|m_axi_y_AWSIZE          | out |    3|    m_axi   |       y      |    pointer   |
|m_axi_y_AWBURST         | out |    2|    m_axi   |       y      |    pointer   |
|m_axi_y_AWLOCK          | out |    2|    m_axi   |       y      |    pointer   |
|m_axi_y_AWCACHE         | out |    4|    m_axi   |       y      |    pointer   |
|m_axi_y_AWPROT          | out |    3|    m_axi   |       y      |    pointer   |
|m_axi_y_AWQOS           | out |    4|    m_axi   |       y      |    pointer   |
|m_axi_y_AWREGION        | out |    4|    m_axi   |       y      |    pointer   |
|m_axi_y_AWUSER          | out |    1|    m_axi   |       y      |    pointer   |
|m_axi_y_WVALID          | out |    1|    m_axi   |       y      |    pointer   |
|m_axi_y_WREADY          |  in |    1|    m_axi   |       y      |    pointer   |
|m_axi_y_WDATA           | out |   32|    m_axi   |       y      |    pointer   |
|m_axi_y_WSTRB           | out |    4|    m_axi   |       y      |    pointer   |
|m_axi_y_WLAST           | out |    1|    m_axi   |       y      |    pointer   |
|m_axi_y_WID             | out |    1|    m_axi   |       y      |    pointer   |
|m_axi_y_WUSER           | out |    1|    m_axi   |       y      |    pointer   |
|m_axi_y_ARVALID         | out |    1|    m_axi   |       y      |    pointer   |
|m_axi_y_ARREADY         |  in |    1|    m_axi   |       y      |    pointer   |
|m_axi_y_ARADDR          | out |   32|    m_axi   |       y      |    pointer   |
|m_axi_y_ARID            | out |    1|    m_axi   |       y      |    pointer   |
|m_axi_y_ARLEN           | out |    8|    m_axi   |       y      |    pointer   |
|m_axi_y_ARSIZE          | out |    3|    m_axi   |       y      |    pointer   |
|m_axi_y_ARBURST         | out |    2|    m_axi   |       y      |    pointer   |
|m_axi_y_ARLOCK          | out |    2|    m_axi   |       y      |    pointer   |
|m_axi_y_ARCACHE         | out |    4|    m_axi   |       y      |    pointer   |
|m_axi_y_ARPROT          | out |    3|    m_axi   |       y      |    pointer   |
|m_axi_y_ARQOS           | out |    4|    m_axi   |       y      |    pointer   |
|m_axi_y_ARREGION        | out |    4|    m_axi   |       y      |    pointer   |
|m_axi_y_ARUSER          | out |    1|    m_axi   |       y      |    pointer   |
|m_axi_y_RVALID          |  in |    1|    m_axi   |       y      |    pointer   |
|m_axi_y_RREADY          | out |    1|    m_axi   |       y      |    pointer   |
|m_axi_y_RDATA           |  in |   32|    m_axi   |       y      |    pointer   |
|m_axi_y_RLAST           |  in |    1|    m_axi   |       y      |    pointer   |
|m_axi_y_RID             |  in |    1|    m_axi   |       y      |    pointer   |
|m_axi_y_RUSER           |  in |    1|    m_axi   |       y      |    pointer   |
|m_axi_y_RRESP           |  in |    2|    m_axi   |       y      |    pointer   |
|m_axi_y_BVALID          |  in |    1|    m_axi   |       y      |    pointer   |
|m_axi_y_BREADY          | out |    1|    m_axi   |       y      |    pointer   |
|m_axi_y_BRESP           |  in |    2|    m_axi   |       y      |    pointer   |
|m_axi_y_BID             |  in |    1|    m_axi   |       y      |    pointer   |
|m_axi_y_BUSER           |  in |    1|    m_axi   |       y      |    pointer   |
|m_axi_b_AWVALID         | out |    1|    m_axi   |       b      |    pointer   |
|m_axi_b_AWREADY         |  in |    1|    m_axi   |       b      |    pointer   |
|m_axi_b_AWADDR          | out |   32|    m_axi   |       b      |    pointer   |
|m_axi_b_AWID            | out |    1|    m_axi   |       b      |    pointer   |
|m_axi_b_AWLEN           | out |    8|    m_axi   |       b      |    pointer   |
|m_axi_b_AWSIZE          | out |    3|    m_axi   |       b      |    pointer   |
|m_axi_b_AWBURST         | out |    2|    m_axi   |       b      |    pointer   |
|m_axi_b_AWLOCK          | out |    2|    m_axi   |       b      |    pointer   |
|m_axi_b_AWCACHE         | out |    4|    m_axi   |       b      |    pointer   |
|m_axi_b_AWPROT          | out |    3|    m_axi   |       b      |    pointer   |
|m_axi_b_AWQOS           | out |    4|    m_axi   |       b      |    pointer   |
|m_axi_b_AWREGION        | out |    4|    m_axi   |       b      |    pointer   |
|m_axi_b_AWUSER          | out |    1|    m_axi   |       b      |    pointer   |
|m_axi_b_WVALID          | out |    1|    m_axi   |       b      |    pointer   |
|m_axi_b_WREADY          |  in |    1|    m_axi   |       b      |    pointer   |
|m_axi_b_WDATA           | out |   32|    m_axi   |       b      |    pointer   |
|m_axi_b_WSTRB           | out |    4|    m_axi   |       b      |    pointer   |
|m_axi_b_WLAST           | out |    1|    m_axi   |       b      |    pointer   |
|m_axi_b_WID             | out |    1|    m_axi   |       b      |    pointer   |
|m_axi_b_WUSER           | out |    1|    m_axi   |       b      |    pointer   |
|m_axi_b_ARVALID         | out |    1|    m_axi   |       b      |    pointer   |
|m_axi_b_ARREADY         |  in |    1|    m_axi   |       b      |    pointer   |
|m_axi_b_ARADDR          | out |   32|    m_axi   |       b      |    pointer   |
|m_axi_b_ARID            | out |    1|    m_axi   |       b      |    pointer   |
|m_axi_b_ARLEN           | out |    8|    m_axi   |       b      |    pointer   |
|m_axi_b_ARSIZE          | out |    3|    m_axi   |       b      |    pointer   |
|m_axi_b_ARBURST         | out |    2|    m_axi   |       b      |    pointer   |
|m_axi_b_ARLOCK          | out |    2|    m_axi   |       b      |    pointer   |
|m_axi_b_ARCACHE         | out |    4|    m_axi   |       b      |    pointer   |
|m_axi_b_ARPROT          | out |    3|    m_axi   |       b      |    pointer   |
|m_axi_b_ARQOS           | out |    4|    m_axi   |       b      |    pointer   |
|m_axi_b_ARREGION        | out |    4|    m_axi   |       b      |    pointer   |
|m_axi_b_ARUSER          | out |    1|    m_axi   |       b      |    pointer   |
|m_axi_b_RVALID          |  in |    1|    m_axi   |       b      |    pointer   |
|m_axi_b_RREADY          | out |    1|    m_axi   |       b      |    pointer   |
|m_axi_b_RDATA           |  in |   32|    m_axi   |       b      |    pointer   |
|m_axi_b_RLAST           |  in |    1|    m_axi   |       b      |    pointer   |
|m_axi_b_RID             |  in |    1|    m_axi   |       b      |    pointer   |
|m_axi_b_RUSER           |  in |    1|    m_axi   |       b      |    pointer   |
|m_axi_b_RRESP           |  in |    2|    m_axi   |       b      |    pointer   |
|m_axi_b_BVALID          |  in |    1|    m_axi   |       b      |    pointer   |
|m_axi_b_BREADY          | out |    1|    m_axi   |       b      |    pointer   |
|m_axi_b_BRESP           |  in |    2|    m_axi   |       b      |    pointer   |
|m_axi_b_BID             |  in |    1|    m_axi   |       b      |    pointer   |
|m_axi_b_BUSER           |  in |    1|    m_axi   |       b      |    pointer   |
|m_axi_dx_AWVALID        | out |    1|    m_axi   |      dx      |    pointer   |
|m_axi_dx_AWREADY        |  in |    1|    m_axi   |      dx      |    pointer   |
|m_axi_dx_AWADDR         | out |   32|    m_axi   |      dx      |    pointer   |
|m_axi_dx_AWID           | out |    1|    m_axi   |      dx      |    pointer   |
|m_axi_dx_AWLEN          | out |    8|    m_axi   |      dx      |    pointer   |
|m_axi_dx_AWSIZE         | out |    3|    m_axi   |      dx      |    pointer   |
|m_axi_dx_AWBURST        | out |    2|    m_axi   |      dx      |    pointer   |
|m_axi_dx_AWLOCK         | out |    2|    m_axi   |      dx      |    pointer   |
|m_axi_dx_AWCACHE        | out |    4|    m_axi   |      dx      |    pointer   |
|m_axi_dx_AWPROT         | out |    3|    m_axi   |      dx      |    pointer   |
|m_axi_dx_AWQOS          | out |    4|    m_axi   |      dx      |    pointer   |
|m_axi_dx_AWREGION       | out |    4|    m_axi   |      dx      |    pointer   |
|m_axi_dx_AWUSER         | out |    1|    m_axi   |      dx      |    pointer   |
|m_axi_dx_WVALID         | out |    1|    m_axi   |      dx      |    pointer   |
|m_axi_dx_WREADY         |  in |    1|    m_axi   |      dx      |    pointer   |
|m_axi_dx_WDATA          | out |   32|    m_axi   |      dx      |    pointer   |
|m_axi_dx_WSTRB          | out |    4|    m_axi   |      dx      |    pointer   |
|m_axi_dx_WLAST          | out |    1|    m_axi   |      dx      |    pointer   |
|m_axi_dx_WID            | out |    1|    m_axi   |      dx      |    pointer   |
|m_axi_dx_WUSER          | out |    1|    m_axi   |      dx      |    pointer   |
|m_axi_dx_ARVALID        | out |    1|    m_axi   |      dx      |    pointer   |
|m_axi_dx_ARREADY        |  in |    1|    m_axi   |      dx      |    pointer   |
|m_axi_dx_ARADDR         | out |   32|    m_axi   |      dx      |    pointer   |
|m_axi_dx_ARID           | out |    1|    m_axi   |      dx      |    pointer   |
|m_axi_dx_ARLEN          | out |    8|    m_axi   |      dx      |    pointer   |
|m_axi_dx_ARSIZE         | out |    3|    m_axi   |      dx      |    pointer   |
|m_axi_dx_ARBURST        | out |    2|    m_axi   |      dx      |    pointer   |
|m_axi_dx_ARLOCK         | out |    2|    m_axi   |      dx      |    pointer   |
|m_axi_dx_ARCACHE        | out |    4|    m_axi   |      dx      |    pointer   |
|m_axi_dx_ARPROT         | out |    3|    m_axi   |      dx      |    pointer   |
|m_axi_dx_ARQOS          | out |    4|    m_axi   |      dx      |    pointer   |
|m_axi_dx_ARREGION       | out |    4|    m_axi   |      dx      |    pointer   |
|m_axi_dx_ARUSER         | out |    1|    m_axi   |      dx      |    pointer   |
|m_axi_dx_RVALID         |  in |    1|    m_axi   |      dx      |    pointer   |
|m_axi_dx_RREADY         | out |    1|    m_axi   |      dx      |    pointer   |
|m_axi_dx_RDATA          |  in |   32|    m_axi   |      dx      |    pointer   |
|m_axi_dx_RLAST          |  in |    1|    m_axi   |      dx      |    pointer   |
|m_axi_dx_RID            |  in |    1|    m_axi   |      dx      |    pointer   |
|m_axi_dx_RUSER          |  in |    1|    m_axi   |      dx      |    pointer   |
|m_axi_dx_RRESP          |  in |    2|    m_axi   |      dx      |    pointer   |
|m_axi_dx_BVALID         |  in |    1|    m_axi   |      dx      |    pointer   |
|m_axi_dx_BREADY         | out |    1|    m_axi   |      dx      |    pointer   |
|m_axi_dx_BRESP          |  in |    2|    m_axi   |      dx      |    pointer   |
|m_axi_dx_BID            |  in |    1|    m_axi   |      dx      |    pointer   |
|m_axi_dx_BUSER          |  in |    1|    m_axi   |      dx      |    pointer   |
|m_axi_dy_AWVALID        | out |    1|    m_axi   |      dy      |    pointer   |
|m_axi_dy_AWREADY        |  in |    1|    m_axi   |      dy      |    pointer   |
|m_axi_dy_AWADDR         | out |   32|    m_axi   |      dy      |    pointer   |
|m_axi_dy_AWID           | out |    1|    m_axi   |      dy      |    pointer   |
|m_axi_dy_AWLEN          | out |    8|    m_axi   |      dy      |    pointer   |
|m_axi_dy_AWSIZE         | out |    3|    m_axi   |      dy      |    pointer   |
|m_axi_dy_AWBURST        | out |    2|    m_axi   |      dy      |    pointer   |
|m_axi_dy_AWLOCK         | out |    2|    m_axi   |      dy      |    pointer   |
|m_axi_dy_AWCACHE        | out |    4|    m_axi   |      dy      |    pointer   |
|m_axi_dy_AWPROT         | out |    3|    m_axi   |      dy      |    pointer   |
|m_axi_dy_AWQOS          | out |    4|    m_axi   |      dy      |    pointer   |
|m_axi_dy_AWREGION       | out |    4|    m_axi   |      dy      |    pointer   |
|m_axi_dy_AWUSER         | out |    1|    m_axi   |      dy      |    pointer   |
|m_axi_dy_WVALID         | out |    1|    m_axi   |      dy      |    pointer   |
|m_axi_dy_WREADY         |  in |    1|    m_axi   |      dy      |    pointer   |
|m_axi_dy_WDATA          | out |   32|    m_axi   |      dy      |    pointer   |
|m_axi_dy_WSTRB          | out |    4|    m_axi   |      dy      |    pointer   |
|m_axi_dy_WLAST          | out |    1|    m_axi   |      dy      |    pointer   |
|m_axi_dy_WID            | out |    1|    m_axi   |      dy      |    pointer   |
|m_axi_dy_WUSER          | out |    1|    m_axi   |      dy      |    pointer   |
|m_axi_dy_ARVALID        | out |    1|    m_axi   |      dy      |    pointer   |
|m_axi_dy_ARREADY        |  in |    1|    m_axi   |      dy      |    pointer   |
|m_axi_dy_ARADDR         | out |   32|    m_axi   |      dy      |    pointer   |
|m_axi_dy_ARID           | out |    1|    m_axi   |      dy      |    pointer   |
|m_axi_dy_ARLEN          | out |    8|    m_axi   |      dy      |    pointer   |
|m_axi_dy_ARSIZE         | out |    3|    m_axi   |      dy      |    pointer   |
|m_axi_dy_ARBURST        | out |    2|    m_axi   |      dy      |    pointer   |
|m_axi_dy_ARLOCK         | out |    2|    m_axi   |      dy      |    pointer   |
|m_axi_dy_ARCACHE        | out |    4|    m_axi   |      dy      |    pointer   |
|m_axi_dy_ARPROT         | out |    3|    m_axi   |      dy      |    pointer   |
|m_axi_dy_ARQOS          | out |    4|    m_axi   |      dy      |    pointer   |
|m_axi_dy_ARREGION       | out |    4|    m_axi   |      dy      |    pointer   |
|m_axi_dy_ARUSER         | out |    1|    m_axi   |      dy      |    pointer   |
|m_axi_dy_RVALID         |  in |    1|    m_axi   |      dy      |    pointer   |
|m_axi_dy_RREADY         | out |    1|    m_axi   |      dy      |    pointer   |
|m_axi_dy_RDATA          |  in |   32|    m_axi   |      dy      |    pointer   |
|m_axi_dy_RLAST          |  in |    1|    m_axi   |      dy      |    pointer   |
|m_axi_dy_RID            |  in |    1|    m_axi   |      dy      |    pointer   |
|m_axi_dy_RUSER          |  in |    1|    m_axi   |      dy      |    pointer   |
|m_axi_dy_RRESP          |  in |    2|    m_axi   |      dy      |    pointer   |
|m_axi_dy_BVALID         |  in |    1|    m_axi   |      dy      |    pointer   |
|m_axi_dy_BREADY         | out |    1|    m_axi   |      dy      |    pointer   |
|m_axi_dy_BRESP          |  in |    2|    m_axi   |      dy      |    pointer   |
|m_axi_dy_BID            |  in |    1|    m_axi   |      dy      |    pointer   |
|m_axi_dy_BUSER          |  in |    1|    m_axi   |      dy      |    pointer   |
|m_axi_db_AWVALID        | out |    1|    m_axi   |      db      |    pointer   |
|m_axi_db_AWREADY        |  in |    1|    m_axi   |      db      |    pointer   |
|m_axi_db_AWADDR         | out |   32|    m_axi   |      db      |    pointer   |
|m_axi_db_AWID           | out |    1|    m_axi   |      db      |    pointer   |
|m_axi_db_AWLEN          | out |    8|    m_axi   |      db      |    pointer   |
|m_axi_db_AWSIZE         | out |    3|    m_axi   |      db      |    pointer   |
|m_axi_db_AWBURST        | out |    2|    m_axi   |      db      |    pointer   |
|m_axi_db_AWLOCK         | out |    2|    m_axi   |      db      |    pointer   |
|m_axi_db_AWCACHE        | out |    4|    m_axi   |      db      |    pointer   |
|m_axi_db_AWPROT         | out |    3|    m_axi   |      db      |    pointer   |
|m_axi_db_AWQOS          | out |    4|    m_axi   |      db      |    pointer   |
|m_axi_db_AWREGION       | out |    4|    m_axi   |      db      |    pointer   |
|m_axi_db_AWUSER         | out |    1|    m_axi   |      db      |    pointer   |
|m_axi_db_WVALID         | out |    1|    m_axi   |      db      |    pointer   |
|m_axi_db_WREADY         |  in |    1|    m_axi   |      db      |    pointer   |
|m_axi_db_WDATA          | out |   32|    m_axi   |      db      |    pointer   |
|m_axi_db_WSTRB          | out |    4|    m_axi   |      db      |    pointer   |
|m_axi_db_WLAST          | out |    1|    m_axi   |      db      |    pointer   |
|m_axi_db_WID            | out |    1|    m_axi   |      db      |    pointer   |
|m_axi_db_WUSER          | out |    1|    m_axi   |      db      |    pointer   |
|m_axi_db_ARVALID        | out |    1|    m_axi   |      db      |    pointer   |
|m_axi_db_ARREADY        |  in |    1|    m_axi   |      db      |    pointer   |
|m_axi_db_ARADDR         | out |   32|    m_axi   |      db      |    pointer   |
|m_axi_db_ARID           | out |    1|    m_axi   |      db      |    pointer   |
|m_axi_db_ARLEN          | out |    8|    m_axi   |      db      |    pointer   |
|m_axi_db_ARSIZE         | out |    3|    m_axi   |      db      |    pointer   |
|m_axi_db_ARBURST        | out |    2|    m_axi   |      db      |    pointer   |
|m_axi_db_ARLOCK         | out |    2|    m_axi   |      db      |    pointer   |
|m_axi_db_ARCACHE        | out |    4|    m_axi   |      db      |    pointer   |
|m_axi_db_ARPROT         | out |    3|    m_axi   |      db      |    pointer   |
|m_axi_db_ARQOS          | out |    4|    m_axi   |      db      |    pointer   |
|m_axi_db_ARREGION       | out |    4|    m_axi   |      db      |    pointer   |
|m_axi_db_ARUSER         | out |    1|    m_axi   |      db      |    pointer   |
|m_axi_db_RVALID         |  in |    1|    m_axi   |      db      |    pointer   |
|m_axi_db_RREADY         | out |    1|    m_axi   |      db      |    pointer   |
|m_axi_db_RDATA          |  in |   32|    m_axi   |      db      |    pointer   |
|m_axi_db_RLAST          |  in |    1|    m_axi   |      db      |    pointer   |
|m_axi_db_RID            |  in |    1|    m_axi   |      db      |    pointer   |
|m_axi_db_RUSER          |  in |    1|    m_axi   |      db      |    pointer   |
|m_axi_db_RRESP          |  in |    2|    m_axi   |      db      |    pointer   |
|m_axi_db_BVALID         |  in |    1|    m_axi   |      db      |    pointer   |
|m_axi_db_BREADY         | out |    1|    m_axi   |      db      |    pointer   |
|m_axi_db_BRESP          |  in |    2|    m_axi   |      db      |    pointer   |
|m_axi_db_BID            |  in |    1|    m_axi   |      db      |    pointer   |
|m_axi_db_BUSER          |  in |    1|    m_axi   |      db      |    pointer   |
|m_axi_dw_AWVALID        | out |    1|    m_axi   |      dw      |    pointer   |
|m_axi_dw_AWREADY        |  in |    1|    m_axi   |      dw      |    pointer   |
|m_axi_dw_AWADDR         | out |   32|    m_axi   |      dw      |    pointer   |
|m_axi_dw_AWID           | out |    1|    m_axi   |      dw      |    pointer   |
|m_axi_dw_AWLEN          | out |    8|    m_axi   |      dw      |    pointer   |
|m_axi_dw_AWSIZE         | out |    3|    m_axi   |      dw      |    pointer   |
|m_axi_dw_AWBURST        | out |    2|    m_axi   |      dw      |    pointer   |
|m_axi_dw_AWLOCK         | out |    2|    m_axi   |      dw      |    pointer   |
|m_axi_dw_AWCACHE        | out |    4|    m_axi   |      dw      |    pointer   |
|m_axi_dw_AWPROT         | out |    3|    m_axi   |      dw      |    pointer   |
|m_axi_dw_AWQOS          | out |    4|    m_axi   |      dw      |    pointer   |
|m_axi_dw_AWREGION       | out |    4|    m_axi   |      dw      |    pointer   |
|m_axi_dw_AWUSER         | out |    1|    m_axi   |      dw      |    pointer   |
|m_axi_dw_WVALID         | out |    1|    m_axi   |      dw      |    pointer   |
|m_axi_dw_WREADY         |  in |    1|    m_axi   |      dw      |    pointer   |
|m_axi_dw_WDATA          | out |   32|    m_axi   |      dw      |    pointer   |
|m_axi_dw_WSTRB          | out |    4|    m_axi   |      dw      |    pointer   |
|m_axi_dw_WLAST          | out |    1|    m_axi   |      dw      |    pointer   |
|m_axi_dw_WID            | out |    1|    m_axi   |      dw      |    pointer   |
|m_axi_dw_WUSER          | out |    1|    m_axi   |      dw      |    pointer   |
|m_axi_dw_ARVALID        | out |    1|    m_axi   |      dw      |    pointer   |
|m_axi_dw_ARREADY        |  in |    1|    m_axi   |      dw      |    pointer   |
|m_axi_dw_ARADDR         | out |   32|    m_axi   |      dw      |    pointer   |
|m_axi_dw_ARID           | out |    1|    m_axi   |      dw      |    pointer   |
|m_axi_dw_ARLEN          | out |    8|    m_axi   |      dw      |    pointer   |
|m_axi_dw_ARSIZE         | out |    3|    m_axi   |      dw      |    pointer   |
|m_axi_dw_ARBURST        | out |    2|    m_axi   |      dw      |    pointer   |
|m_axi_dw_ARLOCK         | out |    2|    m_axi   |      dw      |    pointer   |
|m_axi_dw_ARCACHE        | out |    4|    m_axi   |      dw      |    pointer   |
|m_axi_dw_ARPROT         | out |    3|    m_axi   |      dw      |    pointer   |
|m_axi_dw_ARQOS          | out |    4|    m_axi   |      dw      |    pointer   |
|m_axi_dw_ARREGION       | out |    4|    m_axi   |      dw      |    pointer   |
|m_axi_dw_ARUSER         | out |    1|    m_axi   |      dw      |    pointer   |
|m_axi_dw_RVALID         |  in |    1|    m_axi   |      dw      |    pointer   |
|m_axi_dw_RREADY         | out |    1|    m_axi   |      dw      |    pointer   |
|m_axi_dw_RDATA          |  in |   32|    m_axi   |      dw      |    pointer   |
|m_axi_dw_RLAST          |  in |    1|    m_axi   |      dw      |    pointer   |
|m_axi_dw_RID            |  in |    1|    m_axi   |      dw      |    pointer   |
|m_axi_dw_RUSER          |  in |    1|    m_axi   |      dw      |    pointer   |
|m_axi_dw_RRESP          |  in |    2|    m_axi   |      dw      |    pointer   |
|m_axi_dw_BVALID         |  in |    1|    m_axi   |      dw      |    pointer   |
|m_axi_dw_BREADY         | out |    1|    m_axi   |      dw      |    pointer   |
|m_axi_dw_BRESP          |  in |    2|    m_axi   |      dw      |    pointer   |
|m_axi_dw_BID            |  in |    1|    m_axi   |      dw      |    pointer   |
|m_axi_dw_BUSER          |  in |    1|    m_axi   |      dw      |    pointer   |
+------------------------+-----+-----+------------+--------------+--------------+

